============================= test session starts =============================
platform win32 -- Python 3.12.7, pytest-9.0.2, pluggy-1.6.0 -- D:\OneDrive\Desktop\研究生\国自然\Agent\backend\.venv\Scripts\python.exe
cachedir: .pytest_cache
rootdir: D:\OneDrive\Desktop\研究生\国自然\Agent\backend
configfile: pyproject.toml
collecting ... collected 0 items / 1 error

=================================== ERRORS ====================================
____________________ ERROR collecting tests/test_models.py ____________________
ImportError while importing test module 'D:\OneDrive\Desktop\研究生\国自然\Agent\backend\tests\test_models.py'.
Hint: make sure your test modules/packages have valid Python names.
Traceback:
D:\anaconda3\Lib\importlib\__init__.py:90: in import_module
    return _bootstrap._gcd_import(name[level:], package, level)
           ^^^^^^^^^^^^^^^^^^^^^^^^^^^^^^^^^^^^^^^^^^^^^^^^^^^^
tests\__init__.py:6: in <module>
    from app.models.errors import ErrorCode, AckType
app\models\__init__.py:3: in <module>
    from app.models.a2a import A2AMessage, MessageMeta, SessionContext, RouteInfo
app\models\a2a.py:13: in <module>
    import uuid7
E   ModuleNotFoundError: No module named 'uuid7'
============================== warnings summary ===============================
.venv\Lib\site-packages\_pytest\config\__init__.py:1428
  D:\OneDrive\Desktop\研究生\国自然\Agent\backend\.venv\Lib\site-packages\_pytest\config\__init__.py:1428: PytestConfigWarning: Unknown config option: asyncio_mode
  
    self._warn_or_fail_if_strict(f"Unknown config option: {key}\n")

-- Docs: https://docs.pytest.org/en/stable/how-to/capture-warnings.html
=========================== short test summary info ===========================
ERROR tests/test_models.py
!!!!!!!!!!!!!!!!!!! Interrupted: 1 error during collection !!!!!!!!!!!!!!!!!!!!
========================= 1 warning, 1 error in 0.36s =========================
